node.exe :  ÔÜá Warning: Next.js 
inferred your workspace root, but it 
may not be correct.
At C:\Program Files\nodejs\npx.ps1:29 
char:3
+   & $NODE_EXE $NPX_CLI_JS $args
+   ~~~~~~~~~~~~~~~~~~~~~~~~~~~~~
    + CategoryInfo          : NotSpec 
   ified: ( ÔÜá Warning: N...not be   
  correct.:String) [], RemoteExcept   
 ion
    + FullyQualifiedErrorId : NativeC 
   ommandError
 
 We detected multiple lockfiles and 
selected the directory of 
C:\Users\2025\package-lock.json as 
the root directory.
 To silence this warning, set 
`turbopack.root` in your Next.js 
config, or consider removing one of 
the lockfiles if it's not needed.
   See https://nextjs.org/docs/app/api
-reference/config/next-config-js/turbo
pack#root-directory for more 
information.
 Detected additional lockfiles: 
   * C:\Users\2025\Desktop\miltivik\pr
oyectos-personales\la-cocina-del-patit
o\bun.lock

   Ôû▓ Next.js 16.0.0 (Turbopack)
   - Environments: .env

   Creating an optimized production build ...
 Ô£ô Compiled successfully in 5.4s
   Running TypeScript ...
Failed to compile.

./src/utils/orpc.ts:6:38
Type error: Cannot find module '@la-co
cina-del-patito/api/routers/index' or 
its corresponding type declarations.

[0m [90m 4 |[39m [36mimport[39m 
{ [33mQueryCache[39m[33m,[39m 
[33mQueryClient[39m } 
[36mfrom[39m [32m"@tanstack/react-q
uery"[39m[33m;[39m
 [90m 5 |[39m [36mimport[39m { 
toast } [36mfrom[39m 
[32m"sonner"[39m[33m;[39m
[31m[1m>[22m[39m[90m 6 |[39m 
[36mimport[39m type { 
[33mAppRouterClient[39m } 
[36mfrom[39m [32m"@la-cocina-del-pa
tito/api/routers/index"[39m[33m;[39
m
 [90m   |[39m                       
               [31m[1m^[22m[39m
 [90m 7 |[39m
 [90m 8 |[39m [36mexport[39m 
[36mconst[39m queryClient 
[33m=[39m [36mnew[39m 
[33mQueryClient[39m({
 [90m 9 |[39m 	
queryCache[33m:[39m [36mnew[39m 
[33mQueryCache[39m({[0m
Next.js build worker exited with 
code: 1 and signal: null
